2025-08-12 17:48:04 - Inicio del proceso de importación
2025-08-12 17:48:04 - Archivo recibido: ZINEPUREBA.csv (31 bytes)
2025-08-12 17:48:04 - Contenido del CSV después de limpieza:
matricula,nombre
231,zine

2025-08-12 17:48:04 - Transacción iniciada
2025-08-12 17:48:04 - Encabezados encontrados: Array
(
    [0] => matricula
    [1] => nombre
)

2025-08-12 17:48:04 - Procesando línea 2: Array
(
    [0] => 231
    [1] => zine
)

2025-08-12 17:48:04 - Llamando procedimiento con: 231, zine
2025-08-12 17:48:04 - Resultado del procedimiento: Array
(
    [resultado] => Omitido: Matrícula 231 ya existe
    [accion] => omitido
)

2025-08-12 17:48:04 - Registro omitido: 231
2025-08-12 17:48:04 - Transacción completada con éxito
2025-08-12 17:48:04 - Respuesta final: Array
(
    [success] => 1
    [total] => 1
    [inserted] => 0
    [skipped] => 1
    [errors] => 0
    [message] => Proceso completado. Insertados: 0, Omitidos: 1
)

2025-08-12 18:17:57 - Inicio del proceso de importación
2025-08-12 18:17:57 - Archivo recibido: ZINEPUREBA.csv (43 bytes)
2025-08-12 18:17:57 - Contenido del CSV después de limpieza:
matricula,nombre
3451,Prueba Profesor

2025-08-12 18:17:57 - Transacción iniciada
2025-08-12 18:17:57 - Encabezados encontrados: Array
(
    [0] => matricula
    [1] => nombre
)

2025-08-12 18:17:57 - Procesando línea 2: Array
(
    [0] => 3451
    [1] => Prueba Profesor
)

2025-08-12 18:17:57 - Llamando procedimiento con: 3451, Prueba Profesor
2025-08-12 18:17:57 - Resultado del procedimiento: Array
(
    [resultado] => Insertado: Profesor Prueba Profesor con matrícula 3451
    [accion] => insertado
)

2025-08-12 18:17:57 - Registro insertado: 3451
2025-08-12 18:17:57 - Transacción completada con éxito
2025-08-12 18:17:57 - Respuesta final: Array
(
    [success] => 1
    [total] => 1
    [inserted] => 1
    [skipped] => 0
    [errors] => 0
    [message] => Proceso completado. Insertados: 1, Omitidos: 0
)

2025-08-13 20:02:08 - Inicio del proceso de importación
2025-08-13 20:02:08 - Archivo recibido: ZINEPUREBA.csv (40 bytes)
2025-08-13 20:02:08 - Contenido del CSV después de limpieza:
matricula,nombre
7774,ProfesorTest

2025-08-13 20:02:08 - Transacción iniciada
2025-08-13 20:02:08 - Encabezados encontrados: Array
(
    [0] => matricula
    [1] => nombre
)

2025-08-13 20:02:08 - Procesando línea 2: Array
(
    [0] => 7774
    [1] => ProfesorTest
)

2025-08-13 20:02:08 - Llamando procedimiento con: 7774, ProfesorTest
2025-08-13 20:02:09 - Resultado del procedimiento: Array
(
    [resultado] => Insertado: Profesor ProfesorTest con matrícula 7774
    [accion] => insertado
)

2025-08-13 20:02:09 - Registro insertado: 7774
2025-08-13 20:02:09 - Transacción completada con éxito
2025-08-13 20:02:09 - Respuesta final: Array
(
    [success] => 1
    [total] => 1
    [inserted] => 1
    [skipped] => 0
    [errors] => 0
    [message] => Proceso completado. Insertados: 1, Omitidos: 0
)

2025-08-15 16:10:57 - Inicio del proceso de importación
2025-08-15 16:10:57 - Archivo recibido: ZINEPUREBA.csv (40 bytes)
2025-08-15 16:10:57 - Contenido del CSV después de limpieza:
matricula,nombre
7024,ProfesorTest

2025-08-15 16:10:57 - Transacción iniciada
2025-08-15 16:10:57 - Encabezados encontrados: Array
(
    [0] => matricula
    [1] => nombre
)

2025-08-15 16:10:57 - Procesando línea 2: Array
(
    [0] => 7024
    [1] => ProfesorTest
)

2025-08-15 16:10:57 - Llamando procedimiento con: 7024, ProfesorTest
2025-08-15 16:10:57 - Resultado del procedimiento: Array
(
    [resultado] => Omitido: Matrícula 7024 ya existe
    [accion] => omitido
)

2025-08-15 16:10:57 - Registro omitido: 7024
2025-08-15 16:10:57 - Transacción completada con éxito
2025-08-15 16:10:57 - Respuesta final: Array
(
    [success] => 1
    [total] => 1
    [inserted] => 0
    [skipped] => 1
    [errors] => 0
    [message] => Proceso completado. Insertados: 0, Omitidos: 1
)

2025-08-15 16:11:28 - Inicio del proceso de importación
2025-08-15 16:11:28 - Archivo recibido: ZINEPUREBA.csv (40 bytes)
2025-08-15 16:11:28 - Contenido del CSV después de limpieza:
matricula,nombre
4354,ProfesorTest

2025-08-15 16:11:28 - Transacción iniciada
2025-08-15 16:11:28 - Encabezados encontrados: Array
(
    [0] => matricula
    [1] => nombre
)

2025-08-15 16:11:28 - Procesando línea 2: Array
(
    [0] => 4354
    [1] => ProfesorTest
)

2025-08-15 16:11:28 - Llamando procedimiento con: 4354, ProfesorTest
2025-08-15 16:11:28 - Resultado del procedimiento: Array
(
    [resultado] => Insertado: Profesor ProfesorTest con matrícula 4354
    [accion] => insertado
)

2025-08-15 16:11:28 - Registro insertado: 4354
2025-08-15 16:11:28 - Transacción completada con éxito
2025-08-15 16:11:28 - Respuesta final: Array
(
    [success] => 1
    [total] => 1
    [inserted] => 1
    [skipped] => 0
    [errors] => 0
    [message] => Proceso completado. Insertados: 1, Omitidos: 0
)

